Testing echo with heredoc
